2025-10-21 19:08:37 - ModbusReader - INFO - 找到 風速計 設備: COM3
2025-10-21 19:08:39 - ModbusReader - INFO - 風速: 2.2 m/s, 風級: 2, 風向角度: 98, 風向: E, 濕度: 95.5%, 溫度: 22.4°C
2025-10-21 19:08:44 - ModbusReader - INFO - 風速: 2.3 m/s, 風級: 2, 風向角度: 71, 風向: E, 濕度: 95.4%, 溫度: 22.5°C
2025-10-21 19:08:49 - ModbusReader - INFO - 風速: 2.6 m/s, 風級: 2, 風向角度: 90, 風向: E, 濕度: 95.4%, 溫度: 22.5°C
2025-10-21 19:09:20 - ModbusReader - INFO - 風速: 4.1 m/s, 風級: 3, 風向角度: 137, 風向: SE, 濕度: 95.4%, 溫度: 22.5°C
2025-10-21 19:09:42 - ModbusReader - INFO - 風速: 3.8 m/s, 風級: 3, 風向角度: 133, 風向: SE, 濕度: 95.3%, 溫度: 22.4°C
2025-10-21 19:10:44 - ModbusReader - INFO - 風速: 3.2 m/s, 風級: 2, 風向角度: 69, 風向: E, 濕度: 95.2%, 溫度: 22.4°C
2025-10-21 19:11:00 - ModbusReader - INFO - 風速: 3.1 m/s, 風級: 2, 風向角度: 62, 風向: NE, 濕度: 95.2%, 溫度: 22.4°C
2025-10-21 19:11:14 - ModbusReader - INFO - 風速: 4.1 m/s, 風級: 3, 風向角度: 67, 風向: E, 濕度: 95.2%, 溫度: 22.4°C
2025-10-21 19:11:26 - ModbusReader - INFO - 風速: 2.8 m/s, 風級: 2, 風向角度: 97, 風向: E, 濕度: 95.3%, 溫度: 22.4°C
2025-10-21 19:11:41 - ModbusReader - INFO - 風速: 3.1 m/s, 風級: 2, 風向角度: 90, 風向: E, 濕度: 95.2%, 溫度: 22.4°C
2025-10-21 19:11:58 - ModbusReader - INFO - 風速: 3.4 m/s, 風級: 3, 風向角度: 123, 風向: SE, 濕度: 95.3%, 溫度: 22.4°C
2025-10-21 19:12:31 - ModbusReader - INFO - 風速: 3.5 m/s, 風級: 3, 風向角度: 62, 風向: NE, 濕度: 95.4%, 溫度: 22.4°C
2025-10-21 19:13:20 - ModbusReader - INFO - 風速: 3.2 m/s, 風級: 2, 風向角度: 62, 風向: NE, 濕度: 95.5%, 溫度: 22.5°C
2025-10-21 19:13:31 - ModbusReader - INFO - 風速: 3.9 m/s, 風級: 3, 風向角度: 60, 風向: NE, 濕度: 95.4%, 溫度: 22.5°C
2025-10-21 19:13:45 - ModbusReader - INFO - 風速: 3.4 m/s, 風級: 3, 風向角度: 122, 風向: SE, 濕度: 95.4%, 溫度: 22.5°C
2025-10-21 19:14:08 - ModbusReader - INFO - 風速: 2.9 m/s, 風級: 2, 風向角度: 67, 風向: E, 濕度: 95.4%, 溫度: 22.5°C
2025-10-21 19:14:20 - ModbusReader - INFO - 風速: 2.9 m/s, 風級: 2, 風向角度: 97, 風向: E, 濕度: 95.5%, 溫度: 22.5°C
2025-10-21 19:14:51 - ModbusReader - INFO - 風速: 2.7 m/s, 風級: 2, 風向角度: 127, 風向: SE, 濕度: 95.4%, 溫度: 22.5°C
2025-10-21 19:15:13 - ModbusReader - INFO - 風速: 3.2 m/s, 風級: 2, 風向角度: 67, 風向: E, 濕度: 95.4%, 溫度: 22.5°C
2025-10-21 19:15:29 - ModbusReader - INFO - 風速: 3.1 m/s, 風級: 2, 風向角度: 72, 風向: E, 濕度: 95.3%, 溫度: 22.5°C
2025-10-21 19:15:47 - ModbusReader - INFO - 風速: 2.6 m/s, 風級: 2, 風向角度: 81, 風向: E, 濕度: 95.3%, 溫度: 22.5°C
2025-10-21 19:16:47 - ModbusReader - INFO - 風速: 3.0 m/s, 風級: 2, 風向角度: 77, 風向: E, 濕度: 95.3%, 溫度: 22.5°C
2025-10-21 19:17:05 - ModbusReader - INFO - 風速: 3.5 m/s, 風級: 3, 風向角度: 65, 風向: NE, 濕度: 95.3%, 溫度: 22.5°C
2025-10-21 19:17:37 - ModbusReader - INFO - 風速: 2.8 m/s, 風級: 2, 風向角度: 107, 風向: E, 濕度: 95.2%, 溫度: 22.5°C
2025-10-21 19:18:07 - ModbusReader - INFO - 風速: 3.3 m/s, 風級: 2, 風向角度: 72, 風向: E, 濕度: 95.1%, 溫度: 22.5°C
2025-10-21 19:18:20 - ModbusReader - INFO - 風速: 3.4 m/s, 風級: 3, 風向角度: 71, 風向: E, 濕度: 95.2%, 溫度: 22.4°C
2025-10-21 19:18:37 - ModbusReader - INFO - 風速: 3.8 m/s, 風級: 3, 風向角度: 68, 風向: E, 濕度: 95.1%, 溫度: 22.5°C
2025-10-21 19:18:56 - ModbusReader - INFO - 風速: 4.1 m/s, 風級: 3, 風向角度: 67, 風向: E, 濕度: 95.0%, 溫度: 22.5°C
2025-10-21 19:19:07 - ModbusReader - INFO - 風速: 4.0 m/s, 風級: 3, 風向角度: 67, 風向: E, 濕度: 95.1%, 溫度: 22.5°C
2025-10-21 19:19:24 - ModbusReader - INFO - 風速: 3.8 m/s, 風級: 3, 風向角度: 62, 風向: NE, 濕度: 95.1%, 溫度: 22.5°C
2025-10-21 19:19:49 - ModbusReader - INFO - 風速: 3.5 m/s, 風級: 3, 風向角度: 68, 風向: E, 濕度: 95.0%, 溫度: 22.5°C
2025-10-21 19:20:06 - ModbusReader - INFO - 風速: 3.0 m/s, 風級: 2, 風向角度: 70, 風向: E, 濕度: 95.0%, 溫度: 22.5°C
2025-10-21 19:20:32 - ModbusReader - INFO - 風速: 2.9 m/s, 風級: 2, 風向角度: 69, 風向: E, 濕度: 94.9%, 溫度: 22.5°C
2025-10-21 19:20:47 - ModbusReader - INFO - 風速: 3.3 m/s, 風級: 2, 風向角度: 66, 風向: NE, 濕度: 94.9%, 溫度: 22.5°C
2025-10-21 19:21:16 - ModbusReader - INFO - 風速: 3.4 m/s, 風級: 3, 風向角度: 64, 風向: NE, 濕度: 94.9%, 溫度: 22.4°C
2025-10-21 19:21:35 - ModbusReader - INFO - 風速: 3.1 m/s, 風級: 2, 風向角度: 76, 風向: E, 濕度: 95.0%, 溫度: 22.5°C
2025-10-21 19:21:44 - ModbusReader - INFO - 風速: 3.0 m/s, 風級: 2, 風向角度: 75, 風向: E, 濕度: 94.9%, 溫度: 22.4°C
2025-10-21 19:21:54 - ModbusReader - INFO - 風速: 3.7 m/s, 風級: 3, 風向角度: 66, 風向: NE, 濕度: 94.9%, 溫度: 22.4°C
2025-10-21 19:22:15 - ModbusReader - INFO - 風速: 3.7 m/s, 風級: 3, 風向角度: 64, 風向: NE, 濕度: 95.0%, 溫度: 22.4°C
2025-10-21 19:22:38 - ModbusReader - INFO - 風速: 3.5 m/s, 風級: 3, 風向角度: 69, 風向: E, 濕度: 95.0%, 溫度: 22.4°C
2025-10-21 19:22:54 - ModbusReader - INFO - 風速: 3.6 m/s, 風級: 3, 風向角度: 71, 風向: E, 濕度: 94.9%, 溫度: 22.4°C
2025-10-21 19:23:10 - ModbusReader - INFO - 風速: 3.5 m/s, 風級: 3, 風向角度: 123, 風向: SE, 濕度: 94.7%, 溫度: 22.4°C
2025-10-21 19:23:30 - ModbusReader - INFO - 風速: 3.3 m/s, 風級: 2, 風向角度: 76, 風向: E, 濕度: 94.8%, 溫度: 22.3°C
2025-10-21 19:23:43 - ModbusReader - INFO - 風速: 3.1 m/s, 風級: 2, 風向角度: 64, 風向: NE, 濕度: 95.0%, 溫度: 22.4°C
2025-10-21 19:24:02 - ModbusReader - INFO - 風速: 3.1 m/s, 風級: 2, 風向角度: 77, 風向: E, 濕度: 95.2%, 溫度: 22.4°C
2025-11-12 19:30:34 - ModbusReader - ERROR - 讀取 Modbus 失敗: Modbus Error: [Input/Output] No response received after 5 retries, continue with next request
2025-11-12 19:31:34 - ModbusReader - ERROR - 讀取 Modbus 失敗: Modbus Error: [Input/Output] No response received after 5 retries, continue with next request
2025-11-12 19:32:34 - ModbusReader - ERROR - 讀取 Modbus 失敗: Modbus Error: [Input/Output] No response received after 5 retries, continue with next request
2025-11-21 18:45:44 - ModbusReader - INFO - 找到 風速計 設備: COM11
2025-11-21 18:46:44 - ModbusReader - ERROR - 讀取 Modbus 失敗: Modbus Error: [Input/Output] No response received after 5 retries, continue with next request
2025-11-21 18:47:39 - ModbusReader - INFO - 找到 風速計 設備: COM11
2025-11-21 18:47:46 - ModbusReader - INFO - 找到 風速計 設備: COM11
2025-11-21 18:48:46 - ModbusReader - ERROR - 讀取 Modbus 失敗: Modbus Error: [Input/Output] No response received after 5 retries, continue with next request
2025-11-21 18:49:39 - ModbusReader - INFO - 找到 風速計 設備: COM11
2025-11-21 18:49:40 - ModbusReader - INFO - 關閉 Modbus 連接
2025-11-21 18:54:25 - ModbusReader - ERROR - 讀取 Modbus 失敗: Modbus Error: [Input/Output] No response received after 5 retries, continue with next request
2025-11-21 19:00:09 - ModbusReader - ERROR - 讀取 Modbus 失敗: Modbus Error: [Input/Output] No response received after 5 retries, continue with next request
2025-11-21 19:02:24 - ModbusReader - ERROR - 讀取 Modbus 失敗: Modbus Error: [Input/Output] No response received after 5 retries, continue with next request
2025-11-21 19:03:26 - ModbusReader - ERROR - 讀取 Modbus 失敗: Modbus Error: [Input/Output] No response received after 5 retries, continue with next request
2025-11-21 19:04:27 - ModbusReader - ERROR - 讀取 Modbus 失敗: Modbus Error: [Input/Output] No response received after 5 retries, continue with next request
2025-11-21 19:05:29 - ModbusReader - ERROR - 讀取 Modbus 失敗: Modbus Error: [Input/Output] No response received after 5 retries, continue with next request
2025-11-21 19:07:00 - ModbusReader - ERROR - 讀取 Modbus 失敗: Modbus Error: [Input/Output] No response received after 5 retries, continue with next request
2025-11-21 19:08:01 - ModbusReader - ERROR - 讀取 Modbus 失敗: Modbus Error: [Input/Output] No response received after 5 retries, continue with next request
2025-11-21 19:09:03 - ModbusReader - ERROR - 讀取 Modbus 失敗: Modbus Error: [Input/Output] No response received after 5 retries, continue with next request
2025-11-21 19:10:10 - ModbusReader - ERROR - 讀取 Modbus 失敗: Modbus Error: [Input/Output] No response received after 3 retries, continue with next request
2025-11-21 19:10:15 - ModbusReader - ERROR - 讀取 Modbus 失敗: Modbus Error: [Input/Output] No response received after 3 retries, continue with next request
2025-11-21 19:10:21 - ModbusReader - ERROR - 讀取 Modbus 失敗: Modbus Error: [Input/Output] No response received after 3 retries, continue with next request
2025-11-21 19:13:26 - ModbusReader - ERROR - 讀取 Modbus 失敗: Modbus Error: [Input/Output] No response received after 3 retries, continue with next request
2025-11-21 19:13:32 - ModbusReader - ERROR - 讀取 Modbus 失敗: Modbus Error: [Input/Output] No response received after 3 retries, continue with next request
2025-11-21 19:13:37 - ModbusReader - ERROR - 讀取 Modbus 失敗: Modbus Error: [Input/Output] No response received after 3 retries, continue with next request
2025-11-21 19:13:43 - ModbusReader - ERROR - 讀取 Modbus 失敗: Modbus Error: [Input/Output] No response received after 3 retries, continue with next request
2025-11-21 19:13:48 - ModbusReader - ERROR - 讀取 Modbus 失敗: Modbus Error: [Input/Output] No response received after 3 retries, continue with next request
2025-11-21 19:13:54 - ModbusReader - ERROR - 讀取 Modbus 失敗: Modbus Error: [Input/Output] No response received after 3 retries, continue with next request
2025-11-21 19:13:59 - ModbusReader - ERROR - 讀取 Modbus 失敗: Modbus Error: [Input/Output] No response received after 3 retries, continue with next request
2025-11-21 19:14:05 - ModbusReader - ERROR - 讀取 Modbus 失敗: Modbus Error: [Input/Output] ERROR: No response received of the last requests (default: retries+3), CLOSING CONNECTION.
2025-11-21 19:14:10 - ModbusReader - ERROR - 讀取 Modbus 失敗: Modbus Error: [Input/Output] ERROR: No response received of the last requests (default: retries+3), CLOSING CONNECTION.
2025-11-21 19:14:16 - ModbusReader - ERROR - 讀取 Modbus 失敗: Modbus Error: [Input/Output] ERROR: No response received of the last requests (default: retries+3), CLOSING CONNECTION.
2025-11-21 19:14:21 - ModbusReader - ERROR - 讀取 Modbus 失敗: Modbus Error: [Input/Output] ERROR: No response received of the last requests (default: retries+3), CLOSING CONNECTION.
2025-11-21 19:14:27 - ModbusReader - ERROR - 讀取 Modbus 失敗: Modbus Error: [Input/Output] ERROR: No response received of the last requests (default: retries+3), CLOSING CONNECTION.
2025-11-21 19:14:32 - ModbusReader - ERROR - 讀取 Modbus 失敗: Modbus Error: [Input/Output] ERROR: No response received of the last requests (default: retries+3), CLOSING CONNECTION.
2025-11-21 19:14:38 - ModbusReader - ERROR - 讀取 Modbus 失敗: Modbus Error: [Input/Output] ERROR: No response received of the last requests (default: retries+3), CLOSING CONNECTION.
2025-11-21 19:14:43 - ModbusReader - ERROR - 讀取 Modbus 失敗: Modbus Error: [Input/Output] ERROR: No response received of the last requests (default: retries+3), CLOSING CONNECTION.
2025-11-21 19:14:53 - ModbusReader - ERROR - 讀取 Modbus 失敗: Modbus Error: [Input/Output] No response received after 3 retries, continue with next request
2025-11-21 19:14:58 - ModbusReader - ERROR - 讀取 Modbus 失敗: Modbus Error: [Input/Output] No response received after 3 retries, continue with next request
2025-11-21 19:15:04 - ModbusReader - ERROR - 讀取 Modbus 失敗: Modbus Error: [Input/Output] No response received after 3 retries, continue with next request
2025-11-21 19:15:09 - ModbusReader - ERROR - 讀取 Modbus 失敗: Modbus Error: [Input/Output] No response received after 3 retries, continue with next request
2025-11-21 19:15:15 - ModbusReader - ERROR - 讀取 Modbus 失敗: Modbus Error: [Input/Output] No response received after 3 retries, continue with next request
2025-11-21 19:15:20 - ModbusReader - ERROR - 讀取 Modbus 失敗: Modbus Error: [Input/Output] No response received after 3 retries, continue with next request
2025-11-21 19:15:26 - ModbusReader - ERROR - 讀取 Modbus 失敗: Modbus Error: [Input/Output] No response received after 3 retries, continue with next request
2025-11-21 19:15:31 - ModbusReader - ERROR - 讀取 Modbus 失敗: Modbus Error: [Input/Output] ERROR: No response received of the last requests (default: retries+3), CLOSING CONNECTION.
2025-11-21 19:15:37 - ModbusReader - ERROR - 讀取 Modbus 失敗: Modbus Error: [Input/Output] ERROR: No response received of the last requests (default: retries+3), CLOSING CONNECTION.
2025-11-21 19:15:43 - ModbusReader - ERROR - 讀取 Modbus 失敗: Modbus Error: [Input/Output] No response received after 3 retries, continue with next request
2025-11-21 19:15:47 - ModbusReader - ERROR - 讀取 Modbus 失敗: Modbus Error: [Input/Output] No response received after 3 retries, continue with next request
2025-11-21 19:15:51 - ModbusReader - ERROR - 讀取 Modbus 失敗: Modbus Error: [Input/Output] No response received after 3 retries, continue with next request
2025-11-21 19:15:55 - ModbusReader - ERROR - 讀取 Modbus 失敗: Modbus Error: [Input/Output] No response received after 3 retries, continue with next request
2025-11-21 19:15:59 - ModbusReader - ERROR - 讀取 Modbus 失敗: Modbus Error: [Input/Output] No response received after 3 retries, continue with next request
2025-11-21 19:16:08 - ModbusReader - ERROR - 讀取 Modbus 失敗: Modbus Error: [Input/Output] No response received after 3 retries, continue with next request
2025-11-21 19:16:13 - ModbusReader - ERROR - 讀取 Modbus 失敗: Modbus Error: [Input/Output] No response received after 3 retries, continue with next request
2025-11-21 19:16:19 - ModbusReader - ERROR - 讀取 Modbus 失敗: Modbus Error: [Input/Output] No response received after 3 retries, continue with next request
2025-11-21 19:16:24 - ModbusReader - ERROR - 讀取 Modbus 失敗: Modbus Error: [Input/Output] No response received after 3 retries, continue with next request
2025-11-21 19:16:30 - ModbusReader - ERROR - 讀取 Modbus 失敗: Modbus Error: [Input/Output] No response received after 3 retries, continue with next request
2025-11-21 19:16:35 - ModbusReader - ERROR - 讀取 Modbus 失敗: Modbus Error: [Input/Output] No response received after 3 retries, continue with next request
2025-11-21 19:16:41 - ModbusReader - ERROR - 讀取 Modbus 失敗: Modbus Error: [Input/Output] No response received after 3 retries, continue with next request
2025-11-21 19:16:46 - ModbusReader - ERROR - 讀取 Modbus 失敗: Modbus Error: [Input/Output] ERROR: No response received of the last requests (default: retries+3), CLOSING CONNECTION.
2025-11-21 19:16:52 - ModbusReader - ERROR - 讀取 Modbus 失敗: Modbus Error: [Input/Output] ERROR: No response received of the last requests (default: retries+3), CLOSING CONNECTION.
2025-11-21 19:16:57 - ModbusReader - ERROR - 讀取 Modbus 失敗: Modbus Error: [Input/Output] ERROR: No response received of the last requests (default: retries+3), CLOSING CONNECTION.
2025-11-21 19:17:03 - ModbusReader - ERROR - 讀取 Modbus 失敗: Modbus Error: [Input/Output] ERROR: No response received of the last requests (default: retries+3), CLOSING CONNECTION.
2025-11-21 19:17:08 - ModbusReader - ERROR - 讀取 Modbus 失敗: Modbus Error: [Input/Output] ERROR: No response received of the last requests (default: retries+3), CLOSING CONNECTION.
2025-11-21 19:17:14 - ModbusReader - ERROR - 讀取 Modbus 失敗: Modbus Error: [Input/Output] ERROR: No response received of the last requests (default: retries+3), CLOSING CONNECTION.
2025-11-21 19:17:19 - ModbusReader - ERROR - 讀取 Modbus 失敗: Modbus Error: [Input/Output] ERROR: No response received of the last requests (default: retries+3), CLOSING CONNECTION.
2025-11-21 19:17:25 - ModbusReader - ERROR - 讀取 Modbus 失敗: Modbus Error: [Input/Output] ERROR: No response received of the last requests (default: retries+3), CLOSING CONNECTION.
2025-11-21 19:17:30 - ModbusReader - ERROR - 讀取 Modbus 失敗: Modbus Error: [Input/Output] ERROR: No response received of the last requests (default: retries+3), CLOSING CONNECTION.
2025-11-21 19:17:36 - ModbusReader - ERROR - 讀取 Modbus 失敗: Modbus Error: [Input/Output] ERROR: No response received of the last requests (default: retries+3), CLOSING CONNECTION.
2025-11-21 19:17:41 - ModbusReader - ERROR - 讀取 Modbus 失敗: Modbus Error: [Input/Output] ERROR: No response received of the last requests (default: retries+3), CLOSING CONNECTION.
2025-11-21 19:17:49 - ModbusReader - ERROR - 讀取 Modbus 失敗: Modbus Error: [Input/Output] No response received after 3 retries, continue with next request
2025-11-21 19:17:53 - ModbusReader - ERROR - 讀取 Modbus 失敗: Modbus Error: [Input/Output] No response received after 3 retries, continue with next request
2025-11-21 19:17:57 - ModbusReader - ERROR - 讀取 Modbus 失敗: Modbus Error: [Input/Output] No response received after 3 retries, continue with next request
2025-11-21 19:18:01 - ModbusReader - ERROR - 讀取 Modbus 失敗: Modbus Error: [Input/Output] No response received after 3 retries, continue with next request
2025-11-21 19:18:05 - ModbusReader - ERROR - 讀取 Modbus 失敗: Modbus Error: [Input/Output] No response received after 3 retries, continue with next request
2025-11-21 19:18:09 - ModbusReader - ERROR - 讀取 Modbus 失敗: Modbus Error: [Input/Output] No response received after 3 retries, continue with next request
2025-11-21 19:18:13 - ModbusReader - ERROR - 讀取 Modbus 失敗: Modbus Error: [Input/Output] No response received after 3 retries, continue with next request
2025-11-21 19:18:17 - ModbusReader - ERROR - 讀取 Modbus 失敗: Modbus Error: [Input/Output] ERROR: No response received of the last requests (default: retries+3), CLOSING CONNECTION.
2025-11-21 19:18:21 - ModbusReader - ERROR - 讀取 Modbus 失敗: Modbus Error: [Input/Output] ERROR: No response received of the last requests (default: retries+3), CLOSING CONNECTION.
2025-11-21 19:19:42 - ModbusReader - ERROR - 讀取 Modbus 失敗: Modbus Error: [Input/Output] No response received after 3 retries, continue with next request
2025-11-21 19:19:46 - ModbusReader - ERROR - 讀取 Modbus 失敗: Modbus Error: [Input/Output] No response received after 3 retries, continue with next request
2025-11-21 19:19:50 - ModbusReader - ERROR - 讀取 Modbus 失敗: Modbus Error: [Input/Output] No response received after 3 retries, continue with next request
2025-11-21 19:20:50 - ModbusReader - ERROR - 讀取 Modbus 失敗: Modbus Error: [Input/Output] No response received after 3 retries, continue with next request
2025-11-21 19:23:20 - ModbusReader - ERROR - 讀取 Modbus 失敗: Modbus Error: [Input/Output] No response received after 5 retries, continue with next request
2025-12-02 11:12:29 - ModbusReader - INFO - 風速: 0.0 m/s, 風級: 0, 風向角度: 0, 風向: N, 濕度: 65.2%, 溫度: 25.0°C
2025-12-02 11:12:30 - ModbusReader - INFO - 風速: 0.0 m/s, 風級: 0, 風向角度: 0, 風向: N, 濕度: 65.2%, 溫度: 25.0°C
2025-12-02 11:12:31 - ModbusReader - INFO - 風速: 0.0 m/s, 風級: 0, 風向角度: 0, 風向: N, 濕度: 65.2%, 溫度: 25.0°C
2025-12-02 11:12:32 - ModbusReader - INFO - 風速: 0.0 m/s, 風級: 0, 風向角度: 0, 風向: N, 濕度: 65.2%, 溫度: 25.0°C
2025-12-02 11:12:33 - ModbusReader - INFO - 風速: 0.0 m/s, 風級: 0, 風向角度: 0, 風向: N, 濕度: 65.2%, 溫度: 25.0°C
2025-12-02 11:12:34 - ModbusReader - INFO - 風速: 0.0 m/s, 風級: 0, 風向角度: 0, 風向: N, 濕度: 65.2%, 溫度: 25.0°C
2025-12-02 11:12:35 - ModbusReader - INFO - 風速: 0.0 m/s, 風級: 0, 風向角度: 0, 風向: N, 濕度: 65.2%, 溫度: 25.0°C
2025-12-02 11:12:36 - ModbusReader - INFO - 風速: 0.0 m/s, 風級: 0, 風向角度: 0, 風向: N, 濕度: 65.2%, 溫度: 25.0°C
2025-12-02 11:12:37 - ModbusReader - INFO - 風速: 0.0 m/s, 風級: 0, 風向角度: 0, 風向: N, 濕度: 65.2%, 溫度: 25.0°C
2025-12-02 11:12:38 - ModbusReader - INFO - 風速: 0.0 m/s, 風級: 0, 風向角度: 0, 風向: N, 濕度: 65.2%, 溫度: 25.0°C
2025-12-02 11:12:39 - ModbusReader - INFO - 風速: 0.0 m/s, 風級: 0, 風向角度: 0, 風向: N, 濕度: 65.2%, 溫度: 25.0°C
2025-12-02 11:12:40 - ModbusReader - INFO - 風速: 0.0 m/s, 風級: 0, 風向角度: 0, 風向: N, 濕度: 65.2%, 溫度: 25.0°C
2025-12-02 11:12:41 - ModbusReader - INFO - 風速: 0.0 m/s, 風級: 0, 風向角度: 0, 風向: N, 濕度: 65.2%, 溫度: 25.0°C
2025-12-02 11:12:42 - ModbusReader - INFO - 風速: 0.0 m/s, 風級: 0, 風向角度: 0, 風向: N, 濕度: 65.2%, 溫度: 25.0°C
2025-12-02 11:12:43 - ModbusReader - INFO - 風速: 0.0 m/s, 風級: 0, 風向角度: 0, 風向: N, 濕度: 65.2%, 溫度: 25.0°C
2025-12-02 11:12:44 - ModbusReader - INFO - 風速: 0.0 m/s, 風級: 0, 風向角度: 0, 風向: N, 濕度: 65.2%, 溫度: 25.0°C
2025-12-02 11:13:11 - ModbusReader - INFO - 風速: 0.0 m/s, 風級: 0, 風向角度: 0, 風向: N, 濕度: 64.8%, 溫度: 25.0°C
2025-12-02 11:13:21 - ModbusReader - INFO - 風速: 0.0 m/s, 風級: 0, 風向角度: 0, 風向: N, 濕度: 64.8%, 溫度: 25.0°C
